---
source: crates/node/tests/it/gas/tip20_channel_reserve.rs
expression: gas
---
close_existing_channel_after_settlement: 49313
close_existing_channel_no_prior_settlement: 49313
open_new_channel_existing_reserve_balance: 287625
open_new_channel_first_reserve_balance: 784825
request_close_existing_channel: 30123
settle_existing_channel_existing_payee_balance: 294831
settle_existing_channel_new_payee_balance: 547071
top_up_existing_channel: 40005
top_up_existing_channel_cancel_close_request: 41880
