---
source: crates/node/tests/it/tip20_transfer_gas.rs
expression: gas
---
"policy:all_whitelisted::amount:full::rewards_sender_opted_out_recipient_opted_out": 297758
"policy:all_whitelisted::amount:full::rewards_sender_opted_out_recipient_opted_out_with_delta": 798358
"policy:all_whitelisted::amount:some::rewards_sender_opted_out_recipient_opted_out": 302546
"policy:all_whitelisted::amount:some::rewards_sender_opted_out_recipient_opted_out_with_delta": 308758
"policy:all_whitelisted::amount:zero::rewards_sender_opted_out_recipient_opted_out": 296934
"policy:all_whitelisted::amount:zero::rewards_sender_opted_out_recipient_opted_out_with_delta": 303134
"policy:needs_whitelist::amount:some": 58958
"policy:needs_whitelist::amount:some::rewards_recipient_delegates_a": 58958
"policy:needs_whitelist::amount:some::rewards_recipient_delegates_a_with_delta": 571958
"policy:needs_whitelist::amount:some::rewards_recipient_delegates_b": 58958
"policy:needs_whitelist::amount:some::rewards_recipient_delegates_b_with_delta": 571958
"policy:needs_whitelist::amount:some::rewards_recipient_opted_out": 63958
"policy:needs_whitelist::amount:some::rewards_recipient_opted_out_with_delta": 320258
"policy:needs_whitelist::amount:some::rewards_sender_delegates_a": 58958
"policy:needs_whitelist::amount:some::rewards_sender_delegates_a_recipient_delegates_a": 58958
"policy:needs_whitelist::amount:some::rewards_sender_delegates_a_recipient_delegates_a_with_delta": 75358
"policy:needs_whitelist::amount:some::rewards_sender_delegates_a_recipient_delegates_b": 58958
"policy:needs_whitelist::amount:some::rewards_sender_delegates_a_recipient_delegates_b_with_delta": 84158
"policy:needs_whitelist::amount:some::rewards_sender_delegates_a_recipient_opted_out": 63946
"policy:needs_whitelist::amount:some::rewards_sender_delegates_a_recipient_opted_out_with_delta": 79658
"policy:needs_whitelist::amount:some::rewards_sender_delegates_a_with_delta": 324758
"policy:needs_whitelist::amount:some::rewards_sender_delegates_b": 58958
"policy:needs_whitelist::amount:some::rewards_sender_delegates_b_recipient_delegates_a": 58958
"policy:needs_whitelist::amount:some::rewards_sender_delegates_b_recipient_delegates_a_with_delta": 84158
"policy:needs_whitelist::amount:some::rewards_sender_delegates_b_recipient_delegates_b": 58958
"policy:needs_whitelist::amount:some::rewards_sender_delegates_b_recipient_delegates_b_with_delta": 75358
"policy:needs_whitelist::amount:some::rewards_sender_delegates_b_recipient_opted_out": 63946
"policy:needs_whitelist::amount:some::rewards_sender_delegates_b_recipient_opted_out_with_delta": 79658
"policy:needs_whitelist::amount:some::rewards_sender_delegates_b_with_delta": 324758
"policy:needs_whitelist::amount:some::rewards_sender_opted_out": 313958
"policy:needs_whitelist::amount:some::rewards_sender_opted_out_recipient_delegates_a": 313958
"policy:needs_whitelist::amount:some::rewards_sender_opted_out_recipient_delegates_a_with_delta": 329658
"policy:needs_whitelist::amount:some::rewards_sender_opted_out_recipient_delegates_b": 313958
"policy:needs_whitelist::amount:some::rewards_sender_opted_out_recipient_delegates_b_with_delta": 329658
"policy:needs_whitelist::amount:some::rewards_sender_opted_out_recipient_opted_out": 308958
"policy:needs_whitelist::amount:some::rewards_sender_opted_out_recipient_opted_out_with_delta": 315158
"policy:needs_whitelist::amount:some::rewards_sender_opted_out_with_delta": 570258
"policy:needs_whitelist::amount:some::rewards_with_delta": 565358
"virtual_address::policy:all_whitelisted::amount:full::rewards_sender_opted_out": 312614
"virtual_address::policy:all_whitelisted::amount:full::rewards_sender_opted_out_with_delta": 315714
"virtual_address::policy:all_whitelisted::amount:some::rewards_sender_opted_out": 311414
"virtual_address::policy:all_whitelisted::amount:some::rewards_sender_opted_out_with_delta": 320514
"virtual_address::policy:all_whitelisted::amount:zero::rewards_sender_opted_out": 302990
"virtual_address::policy:all_whitelisted::amount:zero::rewards_sender_opted_out_with_delta": 312090
"virtual_address::policy:needs_whitelist::amount:some::rewards_sender_opted_out": 323814
"virtual_address::policy:needs_whitelist::amount:some::rewards_sender_opted_out_with_delta": 326914
