---
source: crates/node/tests/it/gas/tip1060_layerzero_bridge.rs
expression: gas
---
layerzero_bridge: 465531
layerzero_bridge_bridge_token_approve: 256274
layerzero_bridge_endpoint_send: 252102
layerzero_bridge_layerzero_send: 267043
layerzero_bridge_messaging_channel_send: 205016
layerzero_bridge_pathusd_approve: 256274
layerzero_bridge_stargate_send: 613991
layerzero_bridge_wrapper_approve: 256897
layerzero_bridge_wrapper_wrap: 43795
