---
source: crates/node/tests/it/gas/stablecoin_dex.rs
expression: gas
---
cancel_bid_earn_credits:
  gas: 346241
  storage_credits: "user1: 0 -> 2"
  pooled_storage_credits: "DEX TIP-1060: 0 -> 4"
cancel_head_bid_tracks_successor_prev:
  gas: 341941
  storage_credits: "user11: 0 -> 3; user12: 0 -> 1"
  pooled_storage_credits: "DEX TIP-1060: 20 -> 22"
cancel_tail_bid_credits_predecessor_next:
  gas: 341941
  storage_credits: "user10: 0 -> 3; user9: 0 -> 1"
  pooled_storage_credits: "DEX TIP-1060: 16 -> 18"
create_pair:
  gas: 1295899
  storage_credits: n/a
  pooled_storage_credits: "DEX TIP-1060: 0 -> 0"
place_ask_wallet:
  gas: 1583685
  storage_credits: "user2: 0 -> 0"
  pooled_storage_credits: "DEX TIP-1060: 6 -> 6"
place_bid_append_same_level:
  gas: 1089369
  storage_credits: "user16: 0 -> 0; user15: 0 -> 0"
  pooled_storage_credits: "DEX TIP-1060: 3 -> 3"
place_bid_cross_user_after_cancel_credits:
  gas: 1084469
  storage_credits: "user7: 0 -> 0; user6: 2 -> 2"
  pooled_storage_credits: "DEX TIP-1060: 6 -> 6"
place_bid_cross_user_after_fill_credits:
  gas: 1084469
  storage_credits: "user7: 0 -> 0; user4: 2 -> 2"
  pooled_storage_credits: "DEX TIP-1060: 12 -> 12"
place_bid_reuse_cancel_credits:
  gas: 842813
  storage_credits: "user1: 2 -> 0"
  pooled_storage_credits: "DEX TIP-1060: 4 -> 3"
place_bid_reuse_predecessor_next_credit:
  gas: 845869
  storage_credits: "user9: 1 -> 0"
  pooled_storage_credits: "DEX TIP-1060: 18 -> 18"
place_bid_reuse_swap_credits:
  gas: 595513
  storage_credits: "user3: 2 -> 0"
  pooled_storage_credits: "DEX TIP-1060: 10 -> 9"
place_bid_wallet:
  gas: 1830985
  storage_credits: "user1: 0 -> 0"
  pooled_storage_credits: "DEX TIP-1060: 0 -> 0"
place_flip_bid_wallet:
  gas: 1334443
  storage_credits: "user5: 0 -> 0"
  pooled_storage_credits: "DEX TIP-1060: 12 -> 12"
swap_exact_in_full_ask_earn_credits:
  gas: 381097
  storage_credits: "user3: 0 -> 2"
  pooled_storage_credits: "DEX TIP-1060: 7 -> 10"
swap_exact_in_full_flip_bid:
  gas: 881084
  storage_credits: "user5: 0 -> 0"
  pooled_storage_credits: "DEX TIP-1060: 12 -> 16"
swap_exact_in_full_head_bid_tracks_successor_prev:
  gas: 382685
  storage_credits: "user13: 0 -> 3; user14: 0 -> 1"
  pooled_storage_credits: "DEX TIP-1060: 18 -> 20"
swap_exact_in_partial_ask_no_credits:
  gas: 345385
  storage_credits: "user2: 0 -> 0"
  pooled_storage_credits: "DEX TIP-1060: 6 -> 6"
swap_exact_out_full_ask_earn_credits:
  gas: 381277
  storage_credits: "user4: 0 -> 2"
  pooled_storage_credits: "DEX TIP-1060: 9 -> 12"
withdraw_internal_balance:
  gas: 49754
  storage_credits: "user2: 0 -> 0"
  pooled_storage_credits: "DEX TIP-1060: 6 -> 7"
