---
source: crates/node/tests/it/gas/tip20_channel_reserve.rs
expression: gas
---
close_existing_channel_after_settlement: 45373
close_existing_channel_no_prior_settlement: 45373
open_new_channel_existing_reserve_balance: 285625
open_new_channel_first_reserve_balance: 782825
request_close_existing_channel: 30123
settle_existing_channel_existing_payee_balance: 292891
settle_existing_channel_new_payee_balance: 545131
top_up_existing_channel: 38005
top_up_existing_channel_cancel_close_request: 39880
