---
source: crates/node/tests/it/gas/tip20_channel_reserve.rs
expression: gas
---
close_existing_channel_after_settlement: 80913
close_existing_channel_no_prior_settlement: 80913
open_new_channel_existing_reserve_balance: 298825
open_new_channel_first_reserve_balance: 798125
open_new_channel_with_storage_credit: 60225
request_close_existing_channel: 30323
settle_existing_channel_existing_payee_balance: 301831
settle_existing_channel_new_payee_balance: 562171
top_up_existing_channel: 47005
top_up_existing_channel_cancel_close_request: 48880
