---
source: crates/node/tests/it/gas/tip20_transfers.rs
expression: gas
---
"policy:all_whitelisted::amount:full::rewards_recipient_opted_out": 44846
"policy:all_whitelisted::amount:full::rewards_recipient_opted_out_with_delta": 299158
"policy:all_whitelisted::amount:full::rewards_sender_delegates_a_recipient_opted_out": 299158
"policy:all_whitelisted::amount:full::rewards_sender_delegates_a_recipient_opted_out_with_delta": 299158
"policy:all_whitelisted::amount:full::rewards_sender_delegates_b_recipient_opted_out": 299146
"policy:all_whitelisted::amount:full::rewards_sender_delegates_b_recipient_opted_out_with_delta": 299158
"policy:all_whitelisted::amount:full::rewards_sender_opted_out_recipient_opted_out": 289858
"policy:all_whitelisted::amount:full::rewards_sender_opted_out_recipient_opted_out_with_delta": 289858
"policy:all_whitelisted::amount:some::rewards_recipient_opted_out": 551358
"policy:all_whitelisted::amount:some::rewards_recipient_opted_out_with_delta": 551358
"policy:all_whitelisted::amount:some::rewards_sender_delegates_a_recipient_opted_out": 551358
"policy:all_whitelisted::amount:some::rewards_sender_delegates_a_recipient_opted_out_with_delta": 551358
"policy:all_whitelisted::amount:some::rewards_sender_delegates_b_recipient_opted_out": 551358
"policy:all_whitelisted::amount:some::rewards_sender_delegates_b_recipient_opted_out_with_delta": 551358
"policy:all_whitelisted::amount:some::rewards_sender_opted_out_recipient_opted_out": 289858
"policy:all_whitelisted::amount:some::rewards_sender_opted_out_recipient_opted_out_with_delta": 289858
"policy:all_whitelisted::amount:zero::rewards_recipient_opted_out": 542934
"policy:all_whitelisted::amount:zero::rewards_recipient_opted_out_with_delta": 542934
"policy:all_whitelisted::amount:zero::rewards_sender_delegates_a_recipient_opted_out": 542934
"policy:all_whitelisted::amount:zero::rewards_sender_delegates_a_recipient_opted_out_with_delta": 542934
"policy:all_whitelisted::amount:zero::rewards_sender_delegates_b_recipient_opted_out": 542934
"policy:all_whitelisted::amount:zero::rewards_sender_delegates_b_recipient_opted_out_with_delta": 542934
"policy:all_whitelisted::amount:zero::rewards_sender_opted_out_recipient_opted_out": 284234
"policy:all_whitelisted::amount:zero::rewards_sender_opted_out_recipient_opted_out_with_delta": 284222
"policy:needs_whitelist::amount:full::rewards_recipient_opted_out": 557758
"policy:needs_whitelist::amount:full::rewards_sender_delegates_a_recipient_opted_out": 557758
"policy:needs_whitelist::amount:full::rewards_sender_delegates_a_recipient_opted_out_with_delta": 557758
"policy:needs_whitelist::amount:full::rewards_sender_delegates_b_recipient_opted_out": 557758
"policy:needs_whitelist::amount:full::rewards_sender_delegates_b_recipient_opted_out_with_delta": 557758
"policy:needs_whitelist::amount:full::rewards_sender_opted_out_recipient_opted_out": 296258
"policy:needs_whitelist::amount:full::rewards_sender_opted_out_recipient_opted_out_with_delta": 296258
"policy:needs_whitelist::amount:some": 1059246
"policy:needs_whitelist::amount:some::rewards_recipient_delegates_a": 1059258
"policy:needs_whitelist::amount:some::rewards_recipient_delegates_a_with_delta": 1059258
"policy:needs_whitelist::amount:some::rewards_recipient_delegates_b": 1059258
"policy:needs_whitelist::amount:some::rewards_recipient_delegates_b_with_delta": 1059258
"policy:needs_whitelist::amount:some::rewards_recipient_opted_out": 557758
"policy:needs_whitelist::amount:some::rewards_recipient_opted_out_with_delta": 557758
"policy:needs_whitelist::amount:some::rewards_sender_delegates_a": 1059258
"policy:needs_whitelist::amount:some::rewards_sender_delegates_a_recipient_delegates_a": 807258
"policy:needs_whitelist::amount:some::rewards_sender_delegates_a_recipient_delegates_a_with_delta": 807258
"policy:needs_whitelist::amount:some::rewards_sender_delegates_a_recipient_delegates_b": 1059258
"policy:needs_whitelist::amount:some::rewards_sender_delegates_a_recipient_delegates_b_with_delta": 1059258
"policy:needs_whitelist::amount:some::rewards_sender_delegates_a_recipient_opted_out": 557758
"policy:needs_whitelist::amount:some::rewards_sender_delegates_a_recipient_opted_out_with_delta": 557758
"policy:needs_whitelist::amount:some::rewards_sender_delegates_a_with_delta": 1059258
"policy:needs_whitelist::amount:some::rewards_sender_delegates_b": 1059258
"policy:needs_whitelist::amount:some::rewards_sender_delegates_b_recipient_delegates_a": 1059258
"policy:needs_whitelist::amount:some::rewards_sender_delegates_b_recipient_delegates_a_with_delta": 1059258
"policy:needs_whitelist::amount:some::rewards_sender_delegates_b_recipient_delegates_b": 807258
"policy:needs_whitelist::amount:some::rewards_sender_delegates_b_recipient_delegates_b_with_delta": 807246
"policy:needs_whitelist::amount:some::rewards_sender_delegates_b_recipient_opted_out": 557758
"policy:needs_whitelist::amount:some::rewards_sender_delegates_b_recipient_opted_out_with_delta": 557758
"policy:needs_whitelist::amount:some::rewards_sender_delegates_b_with_delta": 1059246
"policy:needs_whitelist::amount:some::rewards_sender_opted_out": 807758
"policy:needs_whitelist::amount:some::rewards_sender_opted_out_recipient_delegates_a": 807758
"policy:needs_whitelist::amount:some::rewards_sender_opted_out_recipient_delegates_a_with_delta": 807758
"policy:needs_whitelist::amount:some::rewards_sender_opted_out_recipient_delegates_b": 807746
"policy:needs_whitelist::amount:some::rewards_sender_opted_out_recipient_delegates_b_with_delta": 807758
"policy:needs_whitelist::amount:some::rewards_sender_opted_out_recipient_opted_out": 296258
"policy:needs_whitelist::amount:some::rewards_sender_opted_out_recipient_opted_out_with_delta": 296258
"policy:needs_whitelist::amount:some::rewards_sender_opted_out_with_delta": 807758
"policy:needs_whitelist::amount:some::rewards_with_delta": 1059258
"policy:needs_whitelist::amount:zero::rewards_recipient_opted_out": 549334
"policy:needs_whitelist::amount:zero::rewards_sender_delegates_a_recipient_opted_out": 549322
"policy:needs_whitelist::amount:zero::rewards_sender_delegates_a_recipient_opted_out_with_delta": 549334
"policy:needs_whitelist::amount:zero::rewards_sender_delegates_b_recipient_opted_out": 549334
"policy:needs_whitelist::amount:zero::rewards_sender_delegates_b_recipient_opted_out_with_delta": 549334
"policy:needs_whitelist::amount:zero::rewards_sender_opted_out_recipient_opted_out": 290634
"policy:needs_whitelist::amount:zero::rewards_sender_opted_out_recipient_opted_out_with_delta": 290634
"virtual_address::policy:all_whitelisted::amount:some": 562266
"virtual_address::policy:all_whitelisted::amount:some::rewards_sender_delegates_a": 552266
"virtual_address::policy:all_whitelisted::amount:some::rewards_sender_delegates_a_with_delta": 562266
"virtual_address::policy:all_whitelisted::amount:some::rewards_sender_delegates_b": 552266
"virtual_address::policy:all_whitelisted::amount:some::rewards_sender_delegates_b_with_delta": 562266
"virtual_address::policy:all_whitelisted::amount:some::rewards_sender_opted_out": 300766
"virtual_address::policy:all_whitelisted::amount:some::rewards_sender_opted_out_with_delta": 310766
"virtual_address::policy:all_whitelisted::amount:some::rewards_with_delta": 562266
"virtual_address::policy:needs_whitelist::amount:some": 558666
"virtual_address::policy:needs_whitelist::amount:some::rewards_sender_delegates_a": 558666
"virtual_address::policy:needs_whitelist::amount:some::rewards_sender_delegates_a_with_delta": 568666
"virtual_address::policy:needs_whitelist::amount:some::rewards_sender_delegates_b": 558666
"virtual_address::policy:needs_whitelist::amount:some::rewards_sender_delegates_b_with_delta": 568666
"virtual_address::policy:needs_whitelist::amount:some::rewards_sender_opted_out": 307166
"virtual_address::policy:needs_whitelist::amount:some::rewards_sender_opted_out_with_delta": 317166
