---
source: crates/node/tests/it/gas/tip20_transfers.rs
expression: gas
---
"policy:all_whitelisted::amount:full::rewards_recipient_opted_out": 37246
"policy:all_whitelisted::amount:full::rewards_recipient_opted_out_with_delta": 555758
"policy:all_whitelisted::amount:full::rewards_sender_delegates_a_recipient_opted_out": 55058
"policy:all_whitelisted::amount:full::rewards_sender_delegates_a_recipient_opted_out_with_delta": 67958
"policy:all_whitelisted::amount:full::rewards_sender_delegates_b_recipient_opted_out": 55046
"policy:all_whitelisted::amount:full::rewards_sender_delegates_b_recipient_opted_out_with_delta": 67958
"policy:all_whitelisted::amount:full::rewards_sender_opted_out_recipient_opted_out": 300058
"policy:all_whitelisted::amount:full::rewards_sender_opted_out_recipient_opted_out_with_delta": 306258
"policy:all_whitelisted::amount:some::rewards_recipient_opted_out": 59858
"policy:all_whitelisted::amount:some::rewards_recipient_opted_out_with_delta": 316158
"policy:all_whitelisted::amount:some::rewards_sender_delegates_a_recipient_opted_out": 59858
"policy:all_whitelisted::amount:some::rewards_sender_delegates_a_recipient_opted_out_with_delta": 322758
"policy:all_whitelisted::amount:some::rewards_sender_delegates_b_recipient_opted_out": 59858
"policy:all_whitelisted::amount:some::rewards_sender_delegates_b_recipient_opted_out_with_delta": 322758
"policy:all_whitelisted::amount:some::rewards_sender_opted_out_recipient_opted_out": 304858
"policy:all_whitelisted::amount:some::rewards_sender_opted_out_recipient_opted_out_with_delta": 311058
"policy:all_whitelisted::amount:zero::rewards_recipient_opted_out": 51434
"policy:all_whitelisted::amount:zero::rewards_recipient_opted_out_with_delta": 307734
"policy:all_whitelisted::amount:zero::rewards_sender_delegates_a_recipient_opted_out": 51434
"policy:all_whitelisted::amount:zero::rewards_sender_delegates_a_recipient_opted_out_with_delta": 314334
"policy:all_whitelisted::amount:zero::rewards_sender_delegates_b_recipient_opted_out": 51434
"policy:all_whitelisted::amount:zero::rewards_sender_delegates_b_recipient_opted_out_with_delta": 314334
"policy:all_whitelisted::amount:zero::rewards_sender_opted_out_recipient_opted_out": 299234
"policy:all_whitelisted::amount:zero::rewards_sender_opted_out_recipient_opted_out_with_delta": 305422
"policy:needs_whitelist::amount:full::rewards_recipient_opted_out": 61458
"policy:needs_whitelist::amount:full::rewards_sender_delegates_a_recipient_opted_out": 61458
"policy:needs_whitelist::amount:full::rewards_sender_delegates_a_recipient_opted_out_with_delta": 74358
"policy:needs_whitelist::amount:full::rewards_sender_delegates_b_recipient_opted_out": 61458
"policy:needs_whitelist::amount:full::rewards_sender_delegates_b_recipient_opted_out_with_delta": 74358
"policy:needs_whitelist::amount:full::rewards_sender_opted_out_recipient_opted_out": 306458
"policy:needs_whitelist::amount:full::rewards_sender_opted_out_recipient_opted_out_with_delta": 312658
"policy:needs_whitelist::amount:some": 61246
"policy:needs_whitelist::amount:some::rewards_recipient_delegates_a": 61258
"policy:needs_whitelist::amount:some::rewards_recipient_delegates_a_with_delta": 574258
"policy:needs_whitelist::amount:some::rewards_recipient_delegates_b": 61258
"policy:needs_whitelist::amount:some::rewards_recipient_delegates_b_with_delta": 574258
"policy:needs_whitelist::amount:some::rewards_recipient_opted_out": 66258
"policy:needs_whitelist::amount:some::rewards_recipient_opted_out_with_delta": 322558
"policy:needs_whitelist::amount:some::rewards_sender_delegates_a": 61258
"policy:needs_whitelist::amount:some::rewards_sender_delegates_a_recipient_delegates_a": 61258
"policy:needs_whitelist::amount:some::rewards_sender_delegates_a_recipient_delegates_a_with_delta": 324858
"policy:needs_whitelist::amount:some::rewards_sender_delegates_a_recipient_delegates_b": 61258
"policy:needs_whitelist::amount:some::rewards_sender_delegates_a_recipient_delegates_b_with_delta": 580858
"policy:needs_whitelist::amount:some::rewards_sender_delegates_a_recipient_opted_out": 66258
"policy:needs_whitelist::amount:some::rewards_sender_delegates_a_recipient_opted_out_with_delta": 329158
"policy:needs_whitelist::amount:some::rewards_sender_delegates_a_with_delta": 574258
"policy:needs_whitelist::amount:some::rewards_sender_delegates_b": 61258
"policy:needs_whitelist::amount:some::rewards_sender_delegates_b_recipient_delegates_a": 61258
"policy:needs_whitelist::amount:some::rewards_sender_delegates_b_recipient_delegates_a_with_delta": 580858
"policy:needs_whitelist::amount:some::rewards_sender_delegates_b_recipient_delegates_b": 61258
"policy:needs_whitelist::amount:some::rewards_sender_delegates_b_recipient_delegates_b_with_delta": 324846
"policy:needs_whitelist::amount:some::rewards_sender_delegates_b_recipient_opted_out": 66258
"policy:needs_whitelist::amount:some::rewards_sender_delegates_b_recipient_opted_out_with_delta": 329158
"policy:needs_whitelist::amount:some::rewards_sender_delegates_b_with_delta": 574246
"policy:needs_whitelist::amount:some::rewards_sender_opted_out": 316258
"policy:needs_whitelist::amount:some::rewards_sender_opted_out_recipient_delegates_a": 316258
"policy:needs_whitelist::amount:some::rewards_sender_opted_out_recipient_delegates_a_with_delta": 579158
"policy:needs_whitelist::amount:some::rewards_sender_opted_out_recipient_delegates_b": 316246
"policy:needs_whitelist::amount:some::rewards_sender_opted_out_recipient_delegates_b_with_delta": 579158
"policy:needs_whitelist::amount:some::rewards_sender_opted_out_recipient_opted_out": 311258
"policy:needs_whitelist::amount:some::rewards_sender_opted_out_recipient_opted_out_with_delta": 317458
"policy:needs_whitelist::amount:some::rewards_sender_opted_out_with_delta": 572558
"policy:needs_whitelist::amount:some::rewards_with_delta": 567658
"policy:needs_whitelist::amount:zero::rewards_recipient_opted_out": 57834
"policy:needs_whitelist::amount:zero::rewards_sender_delegates_a_recipient_opted_out": 57822
"policy:needs_whitelist::amount:zero::rewards_sender_delegates_a_recipient_opted_out_with_delta": 320734
"policy:needs_whitelist::amount:zero::rewards_sender_delegates_b_recipient_opted_out": 57834
"policy:needs_whitelist::amount:zero::rewards_sender_delegates_b_recipient_opted_out_with_delta": 320734
"policy:needs_whitelist::amount:zero::rewards_sender_opted_out_recipient_opted_out": 305634
"policy:needs_whitelist::amount:zero::rewards_sender_opted_out_recipient_opted_out_with_delta": 311834
"virtual_address::policy:all_whitelisted::amount:some": 64666
"virtual_address::policy:all_whitelisted::amount:some::rewards_sender_delegates_a": 58666
"virtual_address::policy:all_whitelisted::amount:some::rewards_sender_delegates_a_with_delta": 324466
"virtual_address::policy:all_whitelisted::amount:some::rewards_sender_delegates_b": 58666
"virtual_address::policy:all_whitelisted::amount:some::rewards_sender_delegates_b_with_delta": 324466
"virtual_address::policy:all_whitelisted::amount:some::rewards_sender_opted_out": 313666
"virtual_address::policy:all_whitelisted::amount:some::rewards_sender_opted_out_with_delta": 322766
"virtual_address::policy:all_whitelisted::amount:some::rewards_with_delta": 317866
"virtual_address::policy:needs_whitelist::amount:some": 65066
"virtual_address::policy:needs_whitelist::amount:some::rewards_sender_delegates_a": 65066
"virtual_address::policy:needs_whitelist::amount:some::rewards_sender_delegates_a_with_delta": 330866
"virtual_address::policy:needs_whitelist::amount:some::rewards_sender_delegates_b": 65066
"virtual_address::policy:needs_whitelist::amount:some::rewards_sender_delegates_b_with_delta": 330866
"virtual_address::policy:needs_whitelist::amount:some::rewards_sender_opted_out": 320066
"virtual_address::policy:needs_whitelist::amount:some::rewards_sender_opted_out_with_delta": 329166
