---
source: crates/node/tests/it/gas/tip20_transfers.rs
expression: gas
---
"policy:all_whitelisted::amount:full::rewards_recipient_opted_out": 48446
"policy:all_whitelisted::amount:full::rewards_recipient_opted_out_with_delta": 548658
"policy:all_whitelisted::amount:full::rewards_sender_delegates_a_recipient_opted_out": 48458
"policy:all_whitelisted::amount:full::rewards_sender_delegates_a_recipient_opted_out_with_delta": 54258
"policy:all_whitelisted::amount:full::rewards_sender_delegates_b_recipient_opted_out": 48446
"policy:all_whitelisted::amount:full::rewards_sender_delegates_b_recipient_opted_out_with_delta": 54258
"policy:all_whitelisted::amount:full::rewards_sender_opted_out_recipient_opted_out": 293458
"policy:all_whitelisted::amount:full::rewards_sender_opted_out_recipient_opted_out_with_delta": 299258
"policy:all_whitelisted::amount:some::rewards_recipient_opted_out": 53258
"policy:all_whitelisted::amount:some::rewards_recipient_opted_out_with_delta": 311258
"policy:all_whitelisted::amount:some::rewards_sender_delegates_a_recipient_opted_out": 53258
"policy:all_whitelisted::amount:some::rewards_sender_delegates_a_recipient_opted_out_with_delta": 311258
"policy:all_whitelisted::amount:some::rewards_sender_delegates_b_recipient_opted_out": 53258
"policy:all_whitelisted::amount:some::rewards_sender_delegates_b_recipient_opted_out_with_delta": 311258
"policy:all_whitelisted::amount:some::rewards_sender_opted_out_recipient_opted_out": 298258
"policy:all_whitelisted::amount:some::rewards_sender_opted_out_recipient_opted_out_with_delta": 304058
"policy:all_whitelisted::amount:zero::rewards_recipient_opted_out": 44834
"policy:all_whitelisted::amount:zero::rewards_recipient_opted_out_with_delta": 302834
"policy:all_whitelisted::amount:zero::rewards_sender_delegates_a_recipient_opted_out": 44834
"policy:all_whitelisted::amount:zero::rewards_sender_delegates_a_recipient_opted_out_with_delta": 302834
"policy:all_whitelisted::amount:zero::rewards_sender_delegates_b_recipient_opted_out": 44834
"policy:all_whitelisted::amount:zero::rewards_sender_delegates_b_recipient_opted_out_with_delta": 302834
"policy:all_whitelisted::amount:zero::rewards_sender_opted_out_recipient_opted_out": 292634
"policy:all_whitelisted::amount:zero::rewards_sender_opted_out_recipient_opted_out_with_delta": 298422
"policy:needs_whitelist::amount:full::rewards_recipient_opted_out": 54858
"policy:needs_whitelist::amount:full::rewards_sender_delegates_a_recipient_opted_out": 54858
"policy:needs_whitelist::amount:full::rewards_sender_delegates_a_recipient_opted_out_with_delta": 60658
"policy:needs_whitelist::amount:full::rewards_sender_delegates_b_recipient_opted_out": 54858
"policy:needs_whitelist::amount:full::rewards_sender_delegates_b_recipient_opted_out_with_delta": 60658
"policy:needs_whitelist::amount:full::rewards_sender_opted_out_recipient_opted_out": 299858
"policy:needs_whitelist::amount:full::rewards_sender_opted_out_recipient_opted_out_with_delta": 305658
"policy:needs_whitelist::amount:some": 54646
"policy:needs_whitelist::amount:some::rewards_recipient_delegates_a": 54658
"policy:needs_whitelist::amount:some::rewards_recipient_delegates_a_with_delta": 564858
"policy:needs_whitelist::amount:some::rewards_recipient_delegates_b": 54658
"policy:needs_whitelist::amount:some::rewards_recipient_delegates_b_with_delta": 564858
"policy:needs_whitelist::amount:some::rewards_recipient_opted_out": 59658
"policy:needs_whitelist::amount:some::rewards_recipient_opted_out_with_delta": 317658
"policy:needs_whitelist::amount:some::rewards_sender_delegates_a": 54658
"policy:needs_whitelist::amount:some::rewards_sender_delegates_a_recipient_delegates_a": 54658
"policy:needs_whitelist::amount:some::rewards_sender_delegates_a_recipient_delegates_a_with_delta": 312858
"policy:needs_whitelist::amount:some::rewards_sender_delegates_a_recipient_delegates_b": 54658
"policy:needs_whitelist::amount:some::rewards_sender_delegates_a_recipient_delegates_b_with_delta": 564858
"policy:needs_whitelist::amount:some::rewards_sender_delegates_a_recipient_opted_out": 59658
"policy:needs_whitelist::amount:some::rewards_sender_delegates_a_recipient_opted_out_with_delta": 317658
"policy:needs_whitelist::amount:some::rewards_sender_delegates_a_with_delta": 564858
"policy:needs_whitelist::amount:some::rewards_sender_delegates_b": 54658
"policy:needs_whitelist::amount:some::rewards_sender_delegates_b_recipient_delegates_a": 54658
"policy:needs_whitelist::amount:some::rewards_sender_delegates_b_recipient_delegates_a_with_delta": 564858
"policy:needs_whitelist::amount:some::rewards_sender_delegates_b_recipient_delegates_b": 54658
"policy:needs_whitelist::amount:some::rewards_sender_delegates_b_recipient_delegates_b_with_delta": 312846
"policy:needs_whitelist::amount:some::rewards_sender_delegates_b_recipient_opted_out": 59658
"policy:needs_whitelist::amount:some::rewards_sender_delegates_b_recipient_opted_out_with_delta": 317658
"policy:needs_whitelist::amount:some::rewards_sender_delegates_b_with_delta": 564846
"policy:needs_whitelist::amount:some::rewards_sender_opted_out": 309658
"policy:needs_whitelist::amount:some::rewards_sender_opted_out_recipient_delegates_a": 309658
"policy:needs_whitelist::amount:some::rewards_sender_opted_out_recipient_delegates_a_with_delta": 567658
"policy:needs_whitelist::amount:some::rewards_sender_opted_out_recipient_delegates_b": 309646
"policy:needs_whitelist::amount:some::rewards_sender_opted_out_recipient_delegates_b_with_delta": 567658
"policy:needs_whitelist::amount:some::rewards_sender_opted_out_recipient_opted_out": 304658
"policy:needs_whitelist::amount:some::rewards_sender_opted_out_recipient_opted_out_with_delta": 310458
"policy:needs_whitelist::amount:some::rewards_sender_opted_out_with_delta": 567658
"policy:needs_whitelist::amount:some::rewards_with_delta": 564858
"policy:needs_whitelist::amount:zero::rewards_recipient_opted_out": 51234
"policy:needs_whitelist::amount:zero::rewards_sender_delegates_a_recipient_opted_out": 51222
"policy:needs_whitelist::amount:zero::rewards_sender_delegates_a_recipient_opted_out_with_delta": 309234
"policy:needs_whitelist::amount:zero::rewards_sender_delegates_b_recipient_opted_out": 51234
"policy:needs_whitelist::amount:zero::rewards_sender_delegates_b_recipient_opted_out_with_delta": 309234
"policy:needs_whitelist::amount:zero::rewards_sender_opted_out_recipient_opted_out": 299034
"policy:needs_whitelist::amount:zero::rewards_sender_opted_out_recipient_opted_out_with_delta": 304834
"virtual_address::policy:all_whitelisted::amount:some": 59966
"virtual_address::policy:all_whitelisted::amount:some::rewards_sender_delegates_a": 52066
"virtual_address::policy:all_whitelisted::amount:some::rewards_sender_delegates_a_with_delta": 315066
"virtual_address::policy:all_whitelisted::amount:some::rewards_sender_delegates_b": 52066
"virtual_address::policy:all_whitelisted::amount:some::rewards_sender_delegates_b_with_delta": 315066
"virtual_address::policy:all_whitelisted::amount:some::rewards_sender_opted_out": 307066
"virtual_address::policy:all_whitelisted::amount:some::rewards_sender_opted_out_with_delta": 317866
"virtual_address::policy:all_whitelisted::amount:some::rewards_with_delta": 315066
"virtual_address::policy:needs_whitelist::amount:some": 58466
"virtual_address::policy:needs_whitelist::amount:some::rewards_sender_delegates_a": 58466
"virtual_address::policy:needs_whitelist::amount:some::rewards_sender_delegates_a_with_delta": 321466
"virtual_address::policy:needs_whitelist::amount:some::rewards_sender_delegates_b": 58466
"virtual_address::policy:needs_whitelist::amount:some::rewards_sender_delegates_b_with_delta": 321466
"virtual_address::policy:needs_whitelist::amount:some::rewards_sender_opted_out": 313466
"virtual_address::policy:needs_whitelist::amount:some::rewards_sender_opted_out_with_delta": 324266
