---
source: crates/node/tests/it/gas/receive_policy_guard.rs
expression: gas
---
claim_originator_recovery_to_destination: 305465
claim_receiver_recovery_to_receiver: 303517
claim_third_party_recovery_to_destination: 311217
set_receive_policy_allowed_third_party_recovery: 780325
set_receive_policy_originator_recovery: 529973
set_receive_policy_receiver_recovery: 530213
set_receive_policy_third_party_recovery: 780313
transfer_allowed_third_party_receive_policy: 289230
transfer_blocked_originator_recovery: 1051367
transfer_blocked_receiver_recovery: 304779
transfer_blocked_third_party_recovery: 306879
