---
source: crates/node/tests/it/gas/tip20_transfers.rs
expression: gas
---
"policy:all_whitelisted::amount:full::rewards_recipient_opted_out": 47146
"policy:all_whitelisted::amount:full::rewards_recipient_opted_out_with_delta": 303558
"policy:all_whitelisted::amount:full::rewards_sender_delegates_a_recipient_opted_out": 49258
"policy:all_whitelisted::amount:full::rewards_sender_delegates_a_recipient_opted_out_with_delta": 54258
"policy:all_whitelisted::amount:full::rewards_sender_delegates_b_recipient_opted_out": 49246
"policy:all_whitelisted::amount:full::rewards_sender_delegates_b_recipient_opted_out_with_delta": 54258
"policy:all_whitelisted::amount:full::rewards_sender_opted_out_recipient_opted_out": 290058
"policy:all_whitelisted::amount:full::rewards_sender_opted_out_recipient_opted_out_with_delta": 290058
"policy:all_whitelisted::amount:some::rewards_recipient_opted_out": 49258
"policy:all_whitelisted::amount:some::rewards_recipient_opted_out_with_delta": 308558
"policy:all_whitelisted::amount:some::rewards_sender_delegates_a_recipient_opted_out": 49258
"policy:all_whitelisted::amount:some::rewards_sender_delegates_a_recipient_opted_out_with_delta": 308558
"policy:all_whitelisted::amount:some::rewards_sender_delegates_b_recipient_opted_out": 49258
"policy:all_whitelisted::amount:some::rewards_sender_delegates_b_recipient_opted_out_with_delta": 308558
"policy:all_whitelisted::amount:some::rewards_sender_opted_out_recipient_opted_out": 290058
"policy:all_whitelisted::amount:some::rewards_sender_opted_out_recipient_opted_out_with_delta": 290058
"policy:all_whitelisted::amount:zero::rewards_recipient_opted_out": 40834
"policy:all_whitelisted::amount:zero::rewards_recipient_opted_out_with_delta": 300134
"policy:all_whitelisted::amount:zero::rewards_sender_delegates_a_recipient_opted_out": 40834
"policy:all_whitelisted::amount:zero::rewards_sender_delegates_a_recipient_opted_out_with_delta": 300134
"policy:all_whitelisted::amount:zero::rewards_sender_delegates_b_recipient_opted_out": 40834
"policy:all_whitelisted::amount:zero::rewards_sender_delegates_b_recipient_opted_out_with_delta": 300134
"policy:all_whitelisted::amount:zero::rewards_sender_opted_out_recipient_opted_out": 284434
"policy:all_whitelisted::amount:zero::rewards_sender_opted_out_recipient_opted_out_with_delta": 284422
"policy:needs_whitelist::amount:full::rewards_recipient_opted_out": 55658
"policy:needs_whitelist::amount:full::rewards_sender_delegates_a_recipient_opted_out": 55658
"policy:needs_whitelist::amount:full::rewards_sender_delegates_a_recipient_opted_out_with_delta": 60658
"policy:needs_whitelist::amount:full::rewards_sender_delegates_b_recipient_opted_out": 55658
"policy:needs_whitelist::amount:full::rewards_sender_delegates_b_recipient_opted_out_with_delta": 60658
"policy:needs_whitelist::amount:full::rewards_sender_opted_out_recipient_opted_out": 296458
"policy:needs_whitelist::amount:full::rewards_sender_opted_out_recipient_opted_out_with_delta": 296458
"policy:needs_whitelist::amount:some": 52846
"policy:needs_whitelist::amount:some::rewards_recipient_delegates_a": 52858
"policy:needs_whitelist::amount:some::rewards_recipient_delegates_a_with_delta": 569458
"policy:needs_whitelist::amount:some::rewards_recipient_delegates_b": 52858
"policy:needs_whitelist::amount:some::rewards_recipient_delegates_b_with_delta": 569458
"policy:needs_whitelist::amount:some::rewards_recipient_opted_out": 55658
"policy:needs_whitelist::amount:some::rewards_recipient_opted_out_with_delta": 314958
"policy:needs_whitelist::amount:some::rewards_sender_delegates_a": 52858
"policy:needs_whitelist::amount:some::rewards_sender_delegates_a_recipient_delegates_a": 52858
"policy:needs_whitelist::amount:some::rewards_sender_delegates_a_recipient_delegates_a_with_delta": 317358
"policy:needs_whitelist::amount:some::rewards_sender_delegates_a_recipient_delegates_b": 52858
"policy:needs_whitelist::amount:some::rewards_sender_delegates_a_recipient_delegates_b_with_delta": 569458
"policy:needs_whitelist::amount:some::rewards_sender_delegates_a_recipient_opted_out": 55658
"policy:needs_whitelist::amount:some::rewards_sender_delegates_a_recipient_opted_out_with_delta": 314958
"policy:needs_whitelist::amount:some::rewards_sender_delegates_a_with_delta": 569458
"policy:needs_whitelist::amount:some::rewards_sender_delegates_b": 52858
"policy:needs_whitelist::amount:some::rewards_sender_delegates_b_recipient_delegates_a": 52858
"policy:needs_whitelist::amount:some::rewards_sender_delegates_b_recipient_delegates_a_with_delta": 569458
"policy:needs_whitelist::amount:some::rewards_sender_delegates_b_recipient_delegates_b": 52858
"policy:needs_whitelist::amount:some::rewards_sender_delegates_b_recipient_delegates_b_with_delta": 317346
"policy:needs_whitelist::amount:some::rewards_sender_delegates_b_recipient_opted_out": 55658
"policy:needs_whitelist::amount:some::rewards_sender_delegates_b_recipient_opted_out_with_delta": 314958
"policy:needs_whitelist::amount:some::rewards_sender_delegates_b_with_delta": 569446
"policy:needs_whitelist::amount:some::rewards_sender_opted_out": 305658
"policy:needs_whitelist::amount:some::rewards_sender_opted_out_recipient_delegates_a": 305658
"policy:needs_whitelist::amount:some::rewards_sender_opted_out_recipient_delegates_a_with_delta": 564958
"policy:needs_whitelist::amount:some::rewards_sender_opted_out_recipient_delegates_b": 305646
"policy:needs_whitelist::amount:some::rewards_sender_opted_out_recipient_delegates_b_with_delta": 564958
"policy:needs_whitelist::amount:some::rewards_sender_opted_out_recipient_opted_out": 296458
"policy:needs_whitelist::amount:some::rewards_sender_opted_out_recipient_opted_out_with_delta": 296458
"policy:needs_whitelist::amount:some::rewards_sender_opted_out_with_delta": 564958
"policy:needs_whitelist::amount:some::rewards_with_delta": 569458
"policy:needs_whitelist::amount:zero::rewards_recipient_opted_out": 47234
"policy:needs_whitelist::amount:zero::rewards_sender_delegates_a_recipient_opted_out": 47222
"policy:needs_whitelist::amount:zero::rewards_sender_delegates_a_recipient_opted_out_with_delta": 306534
"policy:needs_whitelist::amount:zero::rewards_sender_delegates_b_recipient_opted_out": 47234
"policy:needs_whitelist::amount:zero::rewards_sender_delegates_b_recipient_opted_out_with_delta": 306534
"policy:needs_whitelist::amount:zero::rewards_sender_opted_out_recipient_opted_out": 290834
"policy:needs_whitelist::amount:zero::rewards_sender_opted_out_recipient_opted_out_with_delta": 290834
"virtual_address::policy:all_whitelisted::amount:some": 60266
"virtual_address::policy:all_whitelisted::amount:some::rewards_sender_delegates_a": 50266
"virtual_address::policy:all_whitelisted::amount:some::rewards_sender_delegates_a_with_delta": 319566
"virtual_address::policy:all_whitelisted::amount:some::rewards_sender_delegates_b": 50266
"virtual_address::policy:all_whitelisted::amount:some::rewards_sender_delegates_b_with_delta": 319566
"virtual_address::policy:all_whitelisted::amount:some::rewards_sender_opted_out": 303066
"virtual_address::policy:all_whitelisted::amount:some::rewards_sender_opted_out_with_delta": 313066
"virtual_address::policy:all_whitelisted::amount:some::rewards_with_delta": 319566
"virtual_address::policy:needs_whitelist::amount:some": 56666
"virtual_address::policy:needs_whitelist::amount:some::rewards_sender_delegates_a": 56666
"virtual_address::policy:needs_whitelist::amount:some::rewards_sender_delegates_a_with_delta": 325966
"virtual_address::policy:needs_whitelist::amount:some::rewards_sender_delegates_b": 56666
"virtual_address::policy:needs_whitelist::amount:some::rewards_sender_delegates_b_with_delta": 325966
"virtual_address::policy:needs_whitelist::amount:some::rewards_sender_opted_out": 309466
"virtual_address::policy:needs_whitelist::amount:some::rewards_sender_opted_out_with_delta": 319466
