---
source: crates/node/tests/it/gas/tip20_transfers.rs
expression: gas
---
"policy:all_whitelisted::amount:full::rewards_recipient_opted_out": 59546
"policy:all_whitelisted::amount:full::rewards_recipient_opted_out_with_delta": 59558
"policy:all_whitelisted::amount:full::rewards_sender_delegates_a_recipient_opted_out": 59558
"policy:all_whitelisted::amount:full::rewards_sender_delegates_a_recipient_opted_out_with_delta": 59558
"policy:all_whitelisted::amount:full::rewards_sender_delegates_b_recipient_opted_out": 59546
"policy:all_whitelisted::amount:full::rewards_sender_delegates_b_recipient_opted_out_with_delta": 59558
"policy:all_whitelisted::amount:full::rewards_sender_opted_out_recipient_opted_out": 309558
"policy:all_whitelisted::amount:full::rewards_sender_opted_out_recipient_opted_out_with_delta": 309558
"policy:all_whitelisted::amount:some::rewards_recipient_opted_out": 54658
"policy:all_whitelisted::amount:some::rewards_recipient_opted_out_with_delta": 54658
"policy:all_whitelisted::amount:some::rewards_sender_delegates_a_recipient_opted_out": 54658
"policy:all_whitelisted::amount:some::rewards_sender_delegates_a_recipient_opted_out_with_delta": 54658
"policy:all_whitelisted::amount:some::rewards_sender_delegates_b_recipient_opted_out": 54658
"policy:all_whitelisted::amount:some::rewards_sender_delegates_b_recipient_opted_out_with_delta": 54658
"policy:all_whitelisted::amount:some::rewards_sender_opted_out_recipient_opted_out": 304658
"policy:all_whitelisted::amount:some::rewards_sender_opted_out_recipient_opted_out_with_delta": 304658
"policy:all_whitelisted::amount:zero::rewards_recipient_opted_out": 49034
"policy:all_whitelisted::amount:zero::rewards_recipient_opted_out_with_delta": 49034
"policy:all_whitelisted::amount:zero::rewards_sender_delegates_a_recipient_opted_out": 49034
"policy:all_whitelisted::amount:zero::rewards_sender_delegates_a_recipient_opted_out_with_delta": 49034
"policy:all_whitelisted::amount:zero::rewards_sender_delegates_b_recipient_opted_out": 49034
"policy:all_whitelisted::amount:zero::rewards_sender_delegates_b_recipient_opted_out_with_delta": 49034
"policy:all_whitelisted::amount:zero::rewards_sender_opted_out_recipient_opted_out": 299034
"policy:all_whitelisted::amount:zero::rewards_sender_opted_out_recipient_opted_out_with_delta": 299022
"policy:needs_whitelist::amount:full::rewards_recipient_opted_out": 65958
"policy:needs_whitelist::amount:full::rewards_sender_delegates_a_recipient_opted_out": 65958
"policy:needs_whitelist::amount:full::rewards_sender_delegates_a_recipient_opted_out_with_delta": 65958
"policy:needs_whitelist::amount:full::rewards_sender_delegates_b_recipient_opted_out": 65958
"policy:needs_whitelist::amount:full::rewards_sender_delegates_b_recipient_opted_out_with_delta": 65958
"policy:needs_whitelist::amount:full::rewards_sender_opted_out_recipient_opted_out": 315958
"policy:needs_whitelist::amount:full::rewards_sender_opted_out_recipient_opted_out_with_delta": 315958
"policy:needs_whitelist::amount:some": 61046
"policy:needs_whitelist::amount:some::rewards_recipient_delegates_a": 61058
"policy:needs_whitelist::amount:some::rewards_recipient_delegates_a_with_delta": 61058
"policy:needs_whitelist::amount:some::rewards_recipient_delegates_b": 61058
"policy:needs_whitelist::amount:some::rewards_recipient_delegates_b_with_delta": 61058
"policy:needs_whitelist::amount:some::rewards_recipient_opted_out": 61058
"policy:needs_whitelist::amount:some::rewards_recipient_opted_out_with_delta": 61058
"policy:needs_whitelist::amount:some::rewards_sender_delegates_a": 61058
"policy:needs_whitelist::amount:some::rewards_sender_delegates_a_recipient_delegates_a": 61058
"policy:needs_whitelist::amount:some::rewards_sender_delegates_a_recipient_delegates_a_with_delta": 61058
"policy:needs_whitelist::amount:some::rewards_sender_delegates_a_recipient_delegates_b": 61058
"policy:needs_whitelist::amount:some::rewards_sender_delegates_a_recipient_delegates_b_with_delta": 61058
"policy:needs_whitelist::amount:some::rewards_sender_delegates_a_recipient_opted_out": 61058
"policy:needs_whitelist::amount:some::rewards_sender_delegates_a_recipient_opted_out_with_delta": 61058
"policy:needs_whitelist::amount:some::rewards_sender_delegates_a_with_delta": 61058
"policy:needs_whitelist::amount:some::rewards_sender_delegates_b": 61058
"policy:needs_whitelist::amount:some::rewards_sender_delegates_b_recipient_delegates_a": 61058
"policy:needs_whitelist::amount:some::rewards_sender_delegates_b_recipient_delegates_a_with_delta": 61058
"policy:needs_whitelist::amount:some::rewards_sender_delegates_b_recipient_delegates_b": 61058
"policy:needs_whitelist::amount:some::rewards_sender_delegates_b_recipient_delegates_b_with_delta": 61046
"policy:needs_whitelist::amount:some::rewards_sender_delegates_b_recipient_opted_out": 61058
"policy:needs_whitelist::amount:some::rewards_sender_delegates_b_recipient_opted_out_with_delta": 61058
"policy:needs_whitelist::amount:some::rewards_sender_delegates_b_with_delta": 61046
"policy:needs_whitelist::amount:some::rewards_sender_opted_out": 311058
"policy:needs_whitelist::amount:some::rewards_sender_opted_out_recipient_delegates_a": 311058
"policy:needs_whitelist::amount:some::rewards_sender_opted_out_recipient_delegates_a_with_delta": 311058
"policy:needs_whitelist::amount:some::rewards_sender_opted_out_recipient_delegates_b": 311046
"policy:needs_whitelist::amount:some::rewards_sender_opted_out_recipient_delegates_b_with_delta": 311058
"policy:needs_whitelist::amount:some::rewards_sender_opted_out_recipient_opted_out": 311058
"policy:needs_whitelist::amount:some::rewards_sender_opted_out_recipient_opted_out_with_delta": 311058
"policy:needs_whitelist::amount:some::rewards_sender_opted_out_with_delta": 311058
"policy:needs_whitelist::amount:some::rewards_with_delta": 61058
"policy:needs_whitelist::amount:zero::rewards_recipient_opted_out": 55434
"policy:needs_whitelist::amount:zero::rewards_sender_delegates_a_recipient_opted_out": 55422
"policy:needs_whitelist::amount:zero::rewards_sender_delegates_a_recipient_opted_out_with_delta": 55434
"policy:needs_whitelist::amount:zero::rewards_sender_delegates_b_recipient_opted_out": 55434
"policy:needs_whitelist::amount:zero::rewards_sender_delegates_b_recipient_opted_out_with_delta": 55434
"policy:needs_whitelist::amount:zero::rewards_sender_opted_out_recipient_opted_out": 305434
"policy:needs_whitelist::amount:zero::rewards_sender_opted_out_recipient_opted_out_with_delta": 305434
"virtual_address::policy:all_whitelisted::amount:some": 58466
"virtual_address::policy:all_whitelisted::amount:some::rewards_sender_delegates_a": 58466
"virtual_address::policy:all_whitelisted::amount:some::rewards_sender_delegates_a_with_delta": 58466
"virtual_address::policy:all_whitelisted::amount:some::rewards_sender_delegates_b": 58466
"virtual_address::policy:all_whitelisted::amount:some::rewards_sender_delegates_b_with_delta": 58466
"virtual_address::policy:all_whitelisted::amount:some::rewards_sender_opted_out": 308466
"virtual_address::policy:all_whitelisted::amount:some::rewards_sender_opted_out_with_delta": 308466
"virtual_address::policy:all_whitelisted::amount:some::rewards_with_delta": 58466
"virtual_address::policy:needs_whitelist::amount:some": 64866
"virtual_address::policy:needs_whitelist::amount:some::rewards_sender_delegates_a": 64866
"virtual_address::policy:needs_whitelist::amount:some::rewards_sender_delegates_a_with_delta": 64866
"virtual_address::policy:needs_whitelist::amount:some::rewards_sender_delegates_b": 64866
"virtual_address::policy:needs_whitelist::amount:some::rewards_sender_delegates_b_with_delta": 64866
"virtual_address::policy:needs_whitelist::amount:some::rewards_sender_opted_out": 314866
"virtual_address::policy:needs_whitelist::amount:some::rewards_sender_opted_out_with_delta": 314866
