---
source: crates/node/tests/it/gas/tip20_transfers.rs
assertion_line: 624
expression: gas
---
"policy:all_whitelisted::amount:full::rewards_recipient_opted_out": 35046
"policy:all_whitelisted::amount:full::rewards_recipient_opted_out_with_delta": 548658
"policy:all_whitelisted::amount:full::rewards_sender_delegates_a_recipient_opted_out": 39258
"policy:all_whitelisted::amount:full::rewards_sender_delegates_a_recipient_opted_out_with_delta": 54258
"policy:all_whitelisted::amount:full::rewards_sender_delegates_b_recipient_opted_out": 39246
"policy:all_whitelisted::amount:full::rewards_sender_delegates_b_recipient_opted_out_with_delta": 54258
"policy:all_whitelisted::amount:full::rewards_sender_opted_out_recipient_opted_out": 289258
"policy:all_whitelisted::amount:full::rewards_sender_opted_out_recipient_opted_out_with_delta": 299258
"policy:all_whitelisted::amount:some::rewards_recipient_opted_out": 44058
"policy:all_whitelisted::amount:some::rewards_recipient_opted_out_with_delta": 311258
"policy:all_whitelisted::amount:some::rewards_sender_delegates_a_recipient_opted_out": 44058
"policy:all_whitelisted::amount:some::rewards_sender_delegates_a_recipient_opted_out_with_delta": 311258
"policy:all_whitelisted::amount:some::rewards_sender_delegates_b_recipient_opted_out": 44058
"policy:all_whitelisted::amount:some::rewards_sender_delegates_b_recipient_opted_out_with_delta": 311258
"policy:all_whitelisted::amount:some::rewards_sender_opted_out_recipient_opted_out": 294058
"policy:all_whitelisted::amount:some::rewards_sender_opted_out_recipient_opted_out_with_delta": 304058
"policy:all_whitelisted::amount:zero::rewards_recipient_opted_out": 38434
"policy:all_whitelisted::amount:zero::rewards_recipient_opted_out_with_delta": 302834
"policy:all_whitelisted::amount:zero::rewards_sender_delegates_a_recipient_opted_out": 38434
"policy:all_whitelisted::amount:zero::rewards_sender_delegates_a_recipient_opted_out_with_delta": 302834
"policy:all_whitelisted::amount:zero::rewards_sender_delegates_b_recipient_opted_out": 38434
"policy:all_whitelisted::amount:zero::rewards_sender_delegates_b_recipient_opted_out_with_delta": 302834
"policy:all_whitelisted::amount:zero::rewards_sender_opted_out_recipient_opted_out": 288434
"policy:all_whitelisted::amount:zero::rewards_sender_opted_out_recipient_opted_out_with_delta": 298422
"policy:needs_whitelist::amount:full::rewards_recipient_opted_out": 45658
"policy:needs_whitelist::amount:full::rewards_sender_delegates_a_recipient_opted_out": 45658
"policy:needs_whitelist::amount:full::rewards_sender_delegates_a_recipient_opted_out_with_delta": 60658
"policy:needs_whitelist::amount:full::rewards_sender_delegates_b_recipient_opted_out": 45658
"policy:needs_whitelist::amount:full::rewards_sender_delegates_b_recipient_opted_out_with_delta": 60658
"policy:needs_whitelist::amount:full::rewards_sender_opted_out_recipient_opted_out": 295658
"policy:needs_whitelist::amount:full::rewards_sender_opted_out_recipient_opted_out_with_delta": 305658
"policy:needs_whitelist::amount:some": 50446
"policy:needs_whitelist::amount:some::rewards_recipient_delegates_a": 50458
"policy:needs_whitelist::amount:some::rewards_recipient_delegates_a_with_delta": 564858
"policy:needs_whitelist::amount:some::rewards_recipient_delegates_b": 50458
"policy:needs_whitelist::amount:some::rewards_recipient_delegates_b_with_delta": 564858
"policy:needs_whitelist::amount:some::rewards_recipient_opted_out": 50458
"policy:needs_whitelist::amount:some::rewards_recipient_opted_out_with_delta": 317658
"policy:needs_whitelist::amount:some::rewards_sender_delegates_a": 50458
"policy:needs_whitelist::amount:some::rewards_sender_delegates_a_recipient_delegates_a": 50458
"policy:needs_whitelist::amount:some::rewards_sender_delegates_a_recipient_delegates_a_with_delta": 312858
"policy:needs_whitelist::amount:some::rewards_sender_delegates_a_recipient_delegates_b": 50458
"policy:needs_whitelist::amount:some::rewards_sender_delegates_a_recipient_delegates_b_with_delta": 564858
"policy:needs_whitelist::amount:some::rewards_sender_delegates_a_recipient_opted_out": 50458
"policy:needs_whitelist::amount:some::rewards_sender_delegates_a_recipient_opted_out_with_delta": 317658
"policy:needs_whitelist::amount:some::rewards_sender_delegates_a_with_delta": 564858
"policy:needs_whitelist::amount:some::rewards_sender_delegates_b": 50458
"policy:needs_whitelist::amount:some::rewards_sender_delegates_b_recipient_delegates_a": 50458
"policy:needs_whitelist::amount:some::rewards_sender_delegates_b_recipient_delegates_a_with_delta": 564858
"policy:needs_whitelist::amount:some::rewards_sender_delegates_b_recipient_delegates_b": 50458
"policy:needs_whitelist::amount:some::rewards_sender_delegates_b_recipient_delegates_b_with_delta": 312846
"policy:needs_whitelist::amount:some::rewards_sender_delegates_b_recipient_opted_out": 50458
"policy:needs_whitelist::amount:some::rewards_sender_delegates_b_recipient_opted_out_with_delta": 317658
"policy:needs_whitelist::amount:some::rewards_sender_delegates_b_with_delta": 564846
"policy:needs_whitelist::amount:some::rewards_sender_opted_out": 300458
"policy:needs_whitelist::amount:some::rewards_sender_opted_out_recipient_delegates_a": 300458
"policy:needs_whitelist::amount:some::rewards_sender_opted_out_recipient_delegates_a_with_delta": 567658
"policy:needs_whitelist::amount:some::rewards_sender_opted_out_recipient_delegates_b": 300446
"policy:needs_whitelist::amount:some::rewards_sender_opted_out_recipient_delegates_b_with_delta": 567658
"policy:needs_whitelist::amount:some::rewards_sender_opted_out_recipient_opted_out": 300458
"policy:needs_whitelist::amount:some::rewards_sender_opted_out_recipient_opted_out_with_delta": 310458
"policy:needs_whitelist::amount:some::rewards_sender_opted_out_with_delta": 567658
"policy:needs_whitelist::amount:some::rewards_with_delta": 564858
"policy:needs_whitelist::amount:zero::rewards_recipient_opted_out": 44834
"policy:needs_whitelist::amount:zero::rewards_sender_delegates_a_recipient_opted_out": 44822
"policy:needs_whitelist::amount:zero::rewards_sender_delegates_a_recipient_opted_out_with_delta": 309234
"policy:needs_whitelist::amount:zero::rewards_sender_delegates_b_recipient_opted_out": 44834
"policy:needs_whitelist::amount:zero::rewards_sender_delegates_b_recipient_opted_out_with_delta": 309234
"policy:needs_whitelist::amount:zero::rewards_sender_opted_out_recipient_opted_out": 294834
"policy:needs_whitelist::amount:zero::rewards_sender_opted_out_recipient_opted_out_with_delta": 304834
"virtual_address::policy:all_whitelisted::amount:some": 62866
"virtual_address::policy:all_whitelisted::amount:some::rewards_sender_delegates_a": 47866
"virtual_address::policy:all_whitelisted::amount:some::rewards_sender_delegates_a_with_delta": 315066
"virtual_address::policy:all_whitelisted::amount:some::rewards_sender_delegates_b": 47866
"virtual_address::policy:all_whitelisted::amount:some::rewards_sender_delegates_b_with_delta": 315066
"virtual_address::policy:all_whitelisted::amount:some::rewards_sender_opted_out": 297866
"virtual_address::policy:all_whitelisted::amount:some::rewards_sender_opted_out_with_delta": 317866
"virtual_address::policy:all_whitelisted::amount:some::rewards_with_delta": 315066
"virtual_address::policy:needs_whitelist::amount:some": 54266
"virtual_address::policy:needs_whitelist::amount:some::rewards_sender_delegates_a": 54266
"virtual_address::policy:needs_whitelist::amount:some::rewards_sender_delegates_a_with_delta": 321466
"virtual_address::policy:needs_whitelist::amount:some::rewards_sender_delegates_b": 54266
"virtual_address::policy:needs_whitelist::amount:some::rewards_sender_delegates_b_with_delta": 321466
"virtual_address::policy:needs_whitelist::amount:some::rewards_sender_opted_out": 304266
"virtual_address::policy:needs_whitelist::amount:some::rewards_sender_opted_out_with_delta": 324266
