
running 1 test
# hardfork=T14
workload	transactions	workers	seconds	tps	reused	conflicts	retries	backoff	bodies_reused	fees_rebased
PHASES workload=storage count=100000 workers=0 batch=128 prepare=0.000015 ordered=0.214526 commit=0.022136
storage	100000	0	0.242078	413089	0	0	0	0	0	0
PHASES workload=storage count=100000 workers=8 batch=128 prepare=0.130262 ordered=0.166314 commit=0.077690
storage	100000	8	0.379206	263709	100000	0	0	0	0	0
PHASES workload=compute_paid count=100000 workers=0 batch=128 prepare=0.000015 ordered=1.747227 commit=0.032955
compute_paid	100000	0	1.785183	56017	0	0	0	0	0	0
PHASES workload=compute_paid count=100000 workers=8 batch=128 prepare=0.147510 ordered=0.224039 commit=0.083801
compute_paid	100000	8	0.461077	216883	98849	127	0	1024	0	98075
PHASES workload=tip20_paid count=100000 workers=0 batch=128 prepare=0.000015 ordered=0.581051 commit=0.045672
tip20_paid	100000	0	0.632511	158100	0	0	0	0	0	0
PHASES workload=tip20_paid count=100000 workers=8 batch=128 prepare=0.215527 ordered=0.238947 commit=0.077732
tip20_paid	100000	8	0.544443	183674	98849	127	0	1024	0	98075
PHASES workload=tip20_paid_aa_existing count=100000 workers=0 batch=128 prepare=0.000015 ordered=0.528751 commit=0.033314
tip20_paid_aa_existing	100000	0	0.567886	176092	0	0	0	0	0	0
PHASES workload=tip20_paid_aa_existing count=100000 workers=8 batch=128 prepare=0.032947 ordered=0.521453 commit=0.038277
tip20_paid_aa_existing	100000	8	0.598787	167004	2750	8386	0	88864	0	2663
test parallel::tests::execution_throughput ... ok

test result: ok. 1 passed; 0 failed; 0 ignored; 0 measured; 146 filtered out; finished in 7.43s

