
running 1 test
# hardfork=T14
workload	transactions	workers	seconds	tps	reused	conflicts	retries	backoff	bodies_reused	fees_rebased
PHASES workload=storage count=100000 workers=0 batch=128 prepare=0.000015 ordered=0.217326 commit=0.022006
storage	100000	0	0.244675	408706	0	0	0	0	0	0
PHASES workload=storage count=100000 workers=8 batch=128 prepare=0.125579 ordered=0.142909 commit=0.069973
storage	100000	8	0.343290	291299	100000	0	0	0	0	0
PHASES workload=compute_paid count=100000 workers=0 batch=128 prepare=0.000015 ordered=1.740103 commit=0.033560
compute_paid	100000	0	1.778639	56223	0	0	0	0	0	0
PHASES workload=compute_paid count=100000 workers=8 batch=128 prepare=0.147675 ordered=0.220479 commit=0.084698
compute_paid	100000	8	0.458671	218021	98849	127	0	1024	0	98075
PHASES workload=tip20_paid count=100000 workers=0 batch=128 prepare=0.000015 ordered=0.580493 commit=0.047064
tip20_paid	100000	0	0.633336	157894	0	0	0	0	0	0
PHASES workload=tip20_paid count=100000 workers=8 batch=128 prepare=0.218244 ordered=0.246515 commit=0.076698
tip20_paid	100000	8	0.554010	180502	98849	127	0	1024	0	98075
PHASES workload=tip20_paid_aa_existing count=100000 workers=0 batch=128 prepare=0.000015 ordered=0.535019 commit=0.034956
tip20_paid_aa_existing	100000	0	0.575784	173676	0	0	0	0	0	0
PHASES workload=tip20_paid_aa_existing count=100000 workers=8 batch=128 prepare=0.029651 ordered=0.518893 commit=0.040470
tip20_paid_aa_existing	100000	8	0.595169	168020	2904	8232	0	88864	0	2817
test parallel::tests::execution_throughput ... ok

test result: ok. 1 passed; 0 failed; 0 ignored; 0 measured; 146 filtered out; finished in 7.39s

