---
source: crates/node/tests/it/tempo_transaction/mod.rs
expression: gas_estimation
---
baseline: 274318
"secp256k1::noop": 274318
"secp256k1::transfer": 553055
"secp256k1::batch_2_transfers": 559447
"secp256k1::batch_5_transfers": 578624
"secp256k1::batch_10_transfers": 610586
"secp256k1::contract_creation": 779451
"p256::noop": 279358
"p256::transfer": 558095
"p256::batch_2_transfers": 564487
"p256::batch_5_transfers": 583664
"p256::batch_10_transfers": 615626
"p256::contract_creation": 784491
"webauthn::noop": 280793
"webauthn::transfer": 559530
"webauthn::batch_2_transfers": 565922
"webauthn::batch_5_transfers": 585099
"webauthn::batch_10_transfers": 617061
"webauthn::contract_creation": 785926
"key_auth_p256_0_limits::noop": 533459
"key_auth_secp256k1_0_limits::noop": 533459
"key_auth_webauthn_0_limits::noop": 533459
"key_auth_p256_1_limit::noop": 785443
"key_auth_secp256k1_1_limit::noop": 785443
"key_auth_webauthn_1_limit::noop": 785443
"key_auth_p256_0_limits::transfer": 812195
"key_auth_secp256k1_0_limits::transfer": 812195
"key_auth_webauthn_0_limits::transfer": 812195
"key_auth_p256_0_limits::batch_2_transfers": 818588
"key_auth_secp256k1_0_limits::batch_2_transfers": 818588
"key_auth_webauthn_0_limits::batch_2_transfers": 818588
"key_auth_p256_0_limits::batch_5_transfers": 837765
"key_auth_secp256k1_0_limits::batch_5_transfers": 837765
"key_auth_webauthn_0_limits::batch_5_transfers": 837765
"key_auth_p256_0_limits::batch_10_transfers": 869726
"key_auth_secp256k1_0_limits::batch_10_transfers": 869726
"key_auth_webauthn_0_limits::batch_10_transfers": 869726
"key_auth_p256_0_limits::contract_creation": 1038592
"key_auth_secp256k1_0_limits::contract_creation": 1038592
"key_auth_webauthn_0_limits::contract_creation": 1038592
"key_auth_p256_1_limit::transfer": 1064179
"key_auth_secp256k1_1_limit::transfer": 1064179
"key_auth_webauthn_1_limit::transfer": 1064179
"key_auth_p256_1_limit::batch_2_transfers": 1070572
"key_auth_secp256k1_1_limit::batch_2_transfers": 1070572
"key_auth_webauthn_1_limit::batch_2_transfers": 1070572
"key_auth_p256_1_limit::batch_5_transfers": 1089749
"key_auth_secp256k1_1_limit::batch_5_transfers": 1089749
"key_auth_webauthn_1_limit::batch_5_transfers": 1089749
"key_auth_p256_1_limit::batch_10_transfers": 1121710
"key_auth_secp256k1_1_limit::batch_10_transfers": 1121710
"key_auth_webauthn_1_limit::batch_10_transfers": 1121710
"key_auth_p256_3_limits::noop": 1289411
"key_auth_secp256k1_3_limits::noop": 1289411
"key_auth_webauthn_3_limits::noop": 1289411
"key_auth_p256_1_limit::contract_creation": 1290576
"key_auth_secp256k1_1_limit::contract_creation": 1290576
"key_auth_webauthn_1_limit::contract_creation": 1290576
"key_auth_p256_3_limits::transfer": 1568148
"key_auth_secp256k1_3_limits::transfer": 1568148
"key_auth_webauthn_3_limits::transfer": 1568148
"key_auth_p256_3_limits::batch_2_transfers": 1574540
"key_auth_secp256k1_3_limits::batch_2_transfers": 1574540
"key_auth_webauthn_3_limits::batch_2_transfers": 1574540
"key_auth_p256_3_limits::batch_5_transfers": 1593717
"key_auth_secp256k1_3_limits::batch_5_transfers": 1593717
"key_auth_webauthn_3_limits::batch_5_transfers": 1593717
"key_auth_p256_3_limits::batch_10_transfers": 1625679
"key_auth_secp256k1_3_limits::batch_10_transfers": 1625679
"key_auth_webauthn_3_limits::batch_10_transfers": 1625679
"key_auth_p256_3_limits::contract_creation": 1794544
"key_auth_secp256k1_3_limits::contract_creation": 1794544
"key_auth_webauthn_3_limits::contract_creation": 1794544
"keychain_secp256k1::noop": 536482
"keychain_secp256k1::transfer": 815421
"keychain_secp256k1::batch_2_transfers": 822015
"keychain_secp256k1::batch_5_transfers": 841796
"keychain_secp256k1::batch_10_transfers": 874766
"keychain_secp256k1::contract_creation": 1041616
"keychain_p256::noop": 541522
"keychain_p256::transfer": 820460
"keychain_p256::batch_2_transfers": 827054
"keychain_p256::batch_5_transfers": 846836
"keychain_p256::batch_10_transfers": 879806
"keychain_p256::contract_creation": 1046655
