---
source: crates/node/tests/it/tempo_transaction/mod.rs
expression: gas_estimation
---
baseline: 274318
"secp256k1::noop": 274318
"secp256k1::transfer": 544487
"secp256k1::batch_2_transfers": 550275
"secp256k1::batch_5_transfers": 567638
"secp256k1::batch_10_transfers": 596576
"secp256k1::contract_creation": 779451
"p256::noop": 279358
"p256::transfer": 549527
"p256::batch_2_transfers": 555315
"p256::batch_5_transfers": 572677
"p256::batch_10_transfers": 601615
"p256::contract_creation": 784491
"webauthn::noop": 280793
"webauthn::transfer": 550962
"webauthn::batch_2_transfers": 556750
"webauthn::batch_5_transfers": 574113
"webauthn::batch_10_transfers": 603050
"webauthn::contract_creation": 785926
"key_auth_p256_0_limits::noop": 538498
"key_auth_secp256k1_0_limits::noop": 538498
"key_auth_webauthn_0_limits::noop": 538498
"key_auth_secp256k1_witness::noop": 542127
"key_auth_p256_0_limits::transfer": 808668
"key_auth_secp256k1_0_limits::transfer": 808668
"key_auth_webauthn_0_limits::transfer": 808668
"key_auth_secp256k1_witness::transfer": 812296
"key_auth_p256_0_limits::batch_2_transfers": 814455
"key_auth_secp256k1_0_limits::batch_2_transfers": 814455
"key_auth_webauthn_0_limits::batch_2_transfers": 814455
"key_auth_secp256k1_witness::batch_2_transfers": 818084
"key_auth_p256_0_limits::batch_5_transfers": 831818
"key_auth_secp256k1_0_limits::batch_5_transfers": 831818
"key_auth_webauthn_0_limits::batch_5_transfers": 831818
"key_auth_secp256k1_witness::batch_5_transfers": 835446
"key_auth_p256_0_limits::batch_10_transfers": 860756
"key_auth_secp256k1_0_limits::batch_10_transfers": 860756
"key_auth_webauthn_0_limits::batch_10_transfers": 860756
"key_auth_secp256k1_witness::batch_10_transfers": 864384
"key_auth_p256_1_limit::noop": 1042466
"key_auth_secp256k1_1_limit::noop": 1042466
"key_auth_webauthn_1_limit::noop": 1042466
"key_auth_secp256k1_witness_1_limit::noop": 1046095
"key_auth_p256_1_limit::transfer": 1312636
"key_auth_secp256k1_1_limit::transfer": 1312636
"key_auth_webauthn_1_limit::transfer": 1312636
"key_auth_secp256k1_witness_1_limit::transfer": 1316264
"key_auth_p256_1_limit::batch_2_transfers": 1318423
"key_auth_secp256k1_1_limit::batch_2_transfers": 1318423
"key_auth_webauthn_1_limit::batch_2_transfers": 1318423
"key_auth_secp256k1_witness_1_limit::batch_2_transfers": 1322052
"key_auth_p256_1_limit::batch_5_transfers": 1335786
"key_auth_secp256k1_1_limit::batch_5_transfers": 1335786
"key_auth_webauthn_1_limit::batch_5_transfers": 1335786
"key_auth_secp256k1_witness_1_limit::batch_5_transfers": 1339415
"key_auth_p256_1_limit::batch_10_transfers": 1364724
"key_auth_secp256k1_1_limit::batch_10_transfers": 1364724
"key_auth_webauthn_1_limit::batch_10_transfers": 1364724
"key_auth_secp256k1_witness_1_limit::batch_10_transfers": 1368352
"key_auth_secp256k1_target_any_selector::transfer": 1823660
"key_auth_p256_3_limits::noop": 2050403
"key_auth_secp256k1_3_limits::noop": 2050403
"key_auth_webauthn_3_limits::noop": 2050403
"key_auth_p256_3_limits::transfer": 2320572
"key_auth_secp256k1_3_limits::transfer": 2320572
"key_auth_webauthn_3_limits::transfer": 2320572
"key_auth_p256_3_limits::batch_2_transfers": 2326360
"key_auth_secp256k1_3_limits::batch_2_transfers": 2326360
"key_auth_webauthn_3_limits::batch_2_transfers": 2326360
"key_auth_p256_3_limits::batch_5_transfers": 2343723
"key_auth_secp256k1_3_limits::batch_5_transfers": 2343723
"key_auth_webauthn_3_limits::batch_5_transfers": 2343723
"key_auth_p256_3_limits::batch_10_transfers": 2372660
"key_auth_secp256k1_3_limits::batch_10_transfers": 2372660
"key_auth_webauthn_3_limits::batch_10_transfers": 2372660
"key_auth_secp256k1_selector_any_recipient::transfer": 2586668
"key_auth_secp256k1_selector_recipient::transfer": 3347660
"keychain_secp256k1::noop": 541623
"keychain_secp256k1::transfer": 811994
"keychain_secp256k1::batch_2_transfers": 818084
"keychain_secp256k1::batch_5_transfers": 836354
"keychain_secp256k1::batch_10_transfers": 866803
"keychain_p256::noop": 546662
"keychain_p256::transfer": 817033
"keychain_p256::batch_2_transfers": 823123
"keychain_p256::batch_5_transfers": 841393
"keychain_p256::batch_10_transfers": 871843
"keychain_secp256k1_selector_any_recipient::transfer": 2592413
"keychain_secp256k1_selector_recipient::transfer": 3351490
"keychain_secp256k1_target_any_selector::transfer": 1827187
