---
source: crates/node/tests/it/tempo_transaction/mod.rs
expression: gas_estimation
---
baseline: 274318
"secp256k1::noop": 274318
"secp256k1::transfer": 557288
"secp256k1::batch_2_transfers": 563882
"secp256k1::batch_5_transfers": 583664
"secp256k1::batch_10_transfers": 616633
"secp256k1::contract_creation": 779451
"p256::noop": 279358
"p256::transfer": 562328
"p256::batch_2_transfers": 568922
"p256::batch_5_transfers": 588704
"p256::batch_10_transfers": 621673
"p256::contract_creation": 784491
"webauthn::noop": 280793
"webauthn::transfer": 563763
"webauthn::batch_2_transfers": 570357
"webauthn::batch_5_transfers": 590139
"webauthn::batch_10_transfers": 623108
"webauthn::contract_creation": 785926
"key_auth_p256_0_limits::noop": 538498
"key_auth_secp256k1_0_limits::noop": 538498
"key_auth_webauthn_0_limits::noop": 538498
"key_auth_secp256k1_witness::noop": 542127
"key_auth_p256_0_limits::transfer": 821468
"key_auth_secp256k1_0_limits::transfer": 821468
"key_auth_webauthn_0_limits::transfer": 821468
"key_auth_secp256k1_witness::transfer": 825097
"key_auth_p256_0_limits::batch_2_transfers": 828062
"key_auth_secp256k1_0_limits::batch_2_transfers": 828062
"key_auth_webauthn_0_limits::batch_2_transfers": 828062
"key_auth_secp256k1_witness::batch_2_transfers": 831691
"key_auth_p256_0_limits::batch_5_transfers": 847844
"key_auth_secp256k1_0_limits::batch_5_transfers": 847844
"key_auth_webauthn_0_limits::batch_5_transfers": 847844
"key_auth_secp256k1_witness::batch_5_transfers": 851473
"key_auth_p256_0_limits::batch_10_transfers": 880814
"key_auth_secp256k1_0_limits::batch_10_transfers": 880814
"key_auth_webauthn_0_limits::batch_10_transfers": 880814
"key_auth_secp256k1_witness::batch_10_transfers": 884442
"key_auth_p256_1_limit::noop": 1042466
"key_auth_secp256k1_1_limit::noop": 1042466
"key_auth_webauthn_1_limit::noop": 1042466
"key_auth_secp256k1_witness_1_limit::noop": 1046095
"key_auth_p256_1_limit::transfer": 1325437
"key_auth_secp256k1_1_limit::transfer": 1325437
"key_auth_webauthn_1_limit::transfer": 1325437
"key_auth_secp256k1_witness_1_limit::transfer": 1329065
"key_auth_p256_1_limit::batch_2_transfers": 1332030
"key_auth_secp256k1_1_limit::batch_2_transfers": 1332030
"key_auth_webauthn_1_limit::batch_2_transfers": 1332030
"key_auth_secp256k1_witness_1_limit::batch_2_transfers": 1335659
"key_auth_p256_1_limit::batch_5_transfers": 1351812
"key_auth_secp256k1_1_limit::batch_5_transfers": 1351812
"key_auth_webauthn_1_limit::batch_5_transfers": 1351812
"key_auth_secp256k1_witness_1_limit::batch_5_transfers": 1355441
"key_auth_p256_1_limit::batch_10_transfers": 1384782
"key_auth_secp256k1_1_limit::batch_10_transfers": 1384782
"key_auth_webauthn_1_limit::batch_10_transfers": 1384782
"key_auth_secp256k1_witness_1_limit::batch_10_transfers": 1388410
"key_auth_secp256k1_target_any_selector::transfer": 1836460
"key_auth_p256_3_limits::noop": 2050403
"key_auth_secp256k1_3_limits::noop": 2050403
"key_auth_webauthn_3_limits::noop": 2050403
"key_auth_p256_3_limits::transfer": 2333373
"key_auth_secp256k1_3_limits::transfer": 2333373
"key_auth_webauthn_3_limits::transfer": 2333373
"key_auth_p256_3_limits::batch_2_transfers": 2339967
"key_auth_secp256k1_3_limits::batch_2_transfers": 2339967
"key_auth_webauthn_3_limits::batch_2_transfers": 2339967
"key_auth_p256_3_limits::batch_5_transfers": 2359749
"key_auth_secp256k1_3_limits::batch_5_transfers": 2359749
"key_auth_webauthn_3_limits::batch_5_transfers": 2359749
"key_auth_p256_3_limits::batch_10_transfers": 2392718
"key_auth_secp256k1_3_limits::batch_10_transfers": 2392718
"key_auth_webauthn_3_limits::batch_10_transfers": 2392718
"key_auth_secp256k1_selector_any_recipient::transfer": 2599468
"key_auth_secp256k1_selector_recipient::transfer": 3360460
"keychain_secp256k1::noop": 541623
"keychain_secp256k1::transfer": 824795
"keychain_secp256k1::batch_2_transfers": 831691
"keychain_secp256k1::batch_5_transfers": 852380
"keychain_secp256k1::batch_10_transfers": 886861
"keychain_p256::noop": 546662
"keychain_p256::transfer": 829834
"keychain_p256::batch_2_transfers": 836730
"keychain_p256::batch_5_transfers": 857419
"keychain_p256::batch_10_transfers": 891901
"keychain_secp256k1_selector_any_recipient::transfer": 2605214
"keychain_secp256k1_selector_recipient::transfer": 3364291
"keychain_secp256k1_target_any_selector::transfer": 1839988
