---
source: crates/evm/src/evm.rs
expression: snapshot
---
fee_amm_one_hop_transfer:
  - "Sload(FEE_TOKEN, currency, 38593709754705830669425512872126203978950497434864252488535995306481912119302)"
  - "Sload(FEE_TOKEN, currency, 38593709754705830669425512872126203978950497434864252488535995306481912119302)"
  - "Sload(TIP_FEE_MANAGER, validatorTokens[beneficiary], 0)"
  - "Sload(FEE_TOKEN, transferPolicyId, 1648471085075383662622320294714166882522072350720)"
  - "Sload(FEE_TOKEN, paused, 0)"
  - "Sload(FEE_TOKEN, userRewardInfo[sender].rewardRecipient, 0)"
  - "Sload(FEE_TOKEN, userRewardInfo[sender].rewardPerToken, 0)"
  - "Sload(FEE_TOKEN, userRewardInfo[sender].rewardBalance, 0)"
  - "Sload(FEE_TOKEN, globalRewardPerToken, 0)"
  - "Sdec(FEE_TOKEN, balances[sender], 1000)"
  - "Sload(FEE_TOKEN, balances[FeeManager], 0)"
  - "Sstore(FEE_TOKEN, balances[FeeManager], 1000)"
  - "Sload(TIP_FEE_MANAGER, pools[FEE_TOKEN][PATH_USD], 170141183460469231731687303715884105728000000)"
  - "Sload(PATH_USD, paused, 0)"
  - "Sload(PATH_USD, transferPolicyId, 1461501637330902918203684832716283019655932542976)"
  - "Sload(TIP403_REGISTRY, receivePolicies[recipient], 0)"
  - "Sload(PATH_USD, balances[sender], 499519)"
  - "Sload(PATH_USD, userRewardInfo[sender].rewardRecipient, 0)"
  - "Sload(PATH_USD, userRewardInfo[sender].rewardPerToken, 0)"
  - "Sload(PATH_USD, userRewardInfo[sender].rewardBalance, 0)"
  - "Sload(PATH_USD, globalRewardPerToken, 0)"
  - "Sload(PATH_USD, userRewardInfo[recipient].rewardRecipient, 0)"
  - "Sload(PATH_USD, userRewardInfo[recipient].rewardPerToken, 0)"
  - "Sload(PATH_USD, userRewardInfo[recipient].rewardBalance, 0)"
  - "Sload(PATH_USD, globalRewardPerToken, 0)"
  - "Sstore(PATH_USD, balances[sender], 499419)"
  - "Sinc(PATH_USD, balances[recipient], 100)"
  - "Sload(FEE_TOKEN, userRewardInfo[sender].rewardRecipient, 0)"
  - "Sload(FEE_TOKEN, userRewardInfo[sender].rewardPerToken, 0)"
  - "Sload(FEE_TOKEN, userRewardInfo[sender].rewardBalance, 0)"
  - "Sload(FEE_TOKEN, globalRewardPerToken, 0)"
  - "Sdec(FEE_TOKEN, balances[FeeManager], 945)"
  - "Sinc(FEE_TOKEN, balances[sender], 945)"
  - "Sload(TIP_FEE_MANAGER, validatorTokens[beneficiary], 0)"
  - "Sload(TIP_FEE_MANAGER, pools[FEE_TOKEN][PATH_USD], 170141183460469231731687303715884105728000000)"
  - "Sstore(TIP_FEE_MANAGER, pools[FEE_TOKEN][PATH_USD], 170122808212655501054660281487082790244581431)"
  - "Sinc(TIP_FEE_MANAGER, collectedFees[beneficiary][PATH_USD], 54)"
first_transfer:
  - "Sload(PATH_USD, currency, 38593709754705830669425512872126203978950497434864252488535995306481912119302)"
  - "Sload(PATH_USD, currency, 38593709754705830669425512872126203978950497434864252488535995306481912119302)"
  - "Sload(TIP_FEE_MANAGER, validatorTokens[beneficiary], 0)"
  - "Sload(PATH_USD, transferPolicyId, 1461501637330902918203684832716283019655932542976)"
  - "Sload(PATH_USD, paused, 0)"
  - "Sload(PATH_USD, userRewardInfo[sender].rewardRecipient, 0)"
  - "Sload(PATH_USD, userRewardInfo[sender].rewardPerToken, 0)"
  - "Sload(PATH_USD, userRewardInfo[sender].rewardBalance, 0)"
  - "Sload(PATH_USD, globalRewardPerToken, 0)"
  - "Sdec(PATH_USD, balances[sender], 1000)"
  - "Sinc(PATH_USD, balances[FeeManager], 1000)"
  - "Sload(PATH_USD, paused, 0)"
  - "Sload(PATH_USD, transferPolicyId, 1461501637330902918203684832716283019655932542976)"
  - "Sload(TIP403_REGISTRY, receivePolicies[recipient], 0)"
  - "Sload(PATH_USD, balances[sender], 499000)"
  - "Sload(PATH_USD, userRewardInfo[sender].rewardRecipient, 0)"
  - "Sload(PATH_USD, userRewardInfo[sender].rewardPerToken, 0)"
  - "Sload(PATH_USD, userRewardInfo[sender].rewardBalance, 0)"
  - "Sload(PATH_USD, globalRewardPerToken, 0)"
  - "Sload(PATH_USD, userRewardInfo[recipient].rewardRecipient, 0)"
  - "Sload(PATH_USD, userRewardInfo[recipient].rewardPerToken, 0)"
  - "Sload(PATH_USD, userRewardInfo[recipient].rewardBalance, 0)"
  - "Sload(PATH_USD, globalRewardPerToken, 0)"
  - "Sstore(PATH_USD, balances[sender], 498900)"
  - "Sload(PATH_USD, balances[recipient], 0)"
  - "Sstore(PATH_USD, balances[recipient], 100)"
  - "Sload(PATH_USD, userRewardInfo[sender].rewardRecipient, 0)"
  - "Sload(PATH_USD, userRewardInfo[sender].rewardPerToken, 0)"
  - "Sload(PATH_USD, userRewardInfo[sender].rewardBalance, 0)"
  - "Sload(PATH_USD, globalRewardPerToken, 0)"
  - "Sdec(PATH_USD, balances[FeeManager], 920)"
  - "Sinc(PATH_USD, balances[sender], 920)"
  - "Sload(TIP_FEE_MANAGER, validatorTokens[beneficiary], 0)"
  - "Sload(TIP_FEE_MANAGER, collectedFees[beneficiary][PATH_USD], 0)"
  - "Sstore(TIP_FEE_MANAGER, collectedFees[beneficiary][PATH_USD], 80)"
second_transfer:
  - "Sload(PATH_USD, currency, 38593709754705830669425512872126203978950497434864252488535995306481912119302)"
  - "Sload(PATH_USD, currency, 38593709754705830669425512872126203978950497434864252488535995306481912119302)"
  - "Sload(TIP_FEE_MANAGER, validatorTokens[beneficiary], 0)"
  - "Sload(PATH_USD, transferPolicyId, 1461501637330902918203684832716283019655932542976)"
  - "Sload(PATH_USD, paused, 0)"
  - "Sload(PATH_USD, userRewardInfo[sender].rewardRecipient, 0)"
  - "Sload(PATH_USD, userRewardInfo[sender].rewardPerToken, 0)"
  - "Sload(PATH_USD, userRewardInfo[sender].rewardBalance, 0)"
  - "Sload(PATH_USD, globalRewardPerToken, 0)"
  - "Sdec(PATH_USD, balances[sender], 1000)"
  - "Sinc(PATH_USD, balances[FeeManager], 1000)"
  - "Sload(PATH_USD, paused, 0)"
  - "Sload(PATH_USD, transferPolicyId, 1461501637330902918203684832716283019655932542976)"
  - "Sload(TIP403_REGISTRY, receivePolicies[recipient], 0)"
  - "Sload(PATH_USD, balances[sender], 498820)"
  - "Sload(PATH_USD, userRewardInfo[sender].rewardRecipient, 0)"
  - "Sload(PATH_USD, userRewardInfo[sender].rewardPerToken, 0)"
  - "Sload(PATH_USD, userRewardInfo[sender].rewardBalance, 0)"
  - "Sload(PATH_USD, globalRewardPerToken, 0)"
  - "Sload(PATH_USD, userRewardInfo[recipient].rewardRecipient, 0)"
  - "Sload(PATH_USD, userRewardInfo[recipient].rewardPerToken, 0)"
  - "Sload(PATH_USD, userRewardInfo[recipient].rewardBalance, 0)"
  - "Sload(PATH_USD, globalRewardPerToken, 0)"
  - "Sstore(PATH_USD, balances[sender], 498720)"
  - "Sinc(PATH_USD, balances[recipient], 100)"
  - "Sload(PATH_USD, userRewardInfo[sender].rewardRecipient, 0)"
  - "Sload(PATH_USD, userRewardInfo[sender].rewardPerToken, 0)"
  - "Sload(PATH_USD, userRewardInfo[sender].rewardBalance, 0)"
  - "Sload(PATH_USD, globalRewardPerToken, 0)"
  - "Sdec(PATH_USD, balances[FeeManager], 962)"
  - "Sinc(PATH_USD, balances[sender], 962)"
  - "Sload(TIP_FEE_MANAGER, validatorTokens[beneficiary], 0)"
  - "Sinc(TIP_FEE_MANAGER, collectedFees[beneficiary][PATH_USD], 38)"
two_dimensional_nonce_transfer:
  - "Sload(PATH_USD, currency, 38593709754705830669425512872126203978950497434864252488535995306481912119302)"
  - "Sload(PATH_USD, currency, 38593709754705830669425512872126203978950497434864252488535995306481912119302)"
  - "Sload(NONCE_MANAGER, nonces[sender][42], 0)"
  - "Sload(NONCE_MANAGER, nonces[sender][42], 0)"
  - "Sstore(NONCE_MANAGER, nonces[sender][42], 1)"
  - "Sload(TIP_FEE_MANAGER, validatorTokens[beneficiary], 0)"
  - "Sload(PATH_USD, transferPolicyId, 1461501637330902918203684832716283019655932542976)"
  - "Sload(PATH_USD, paused, 0)"
  - "Sload(PATH_USD, userRewardInfo[sender].rewardRecipient, 0)"
  - "Sload(PATH_USD, userRewardInfo[sender].rewardPerToken, 0)"
  - "Sload(PATH_USD, userRewardInfo[sender].rewardBalance, 0)"
  - "Sload(PATH_USD, globalRewardPerToken, 0)"
  - "Sdec(PATH_USD, balances[sender], 1000)"
  - "Sinc(PATH_USD, balances[FeeManager], 1000)"
  - "Sload(PATH_USD, paused, 0)"
  - "Sload(PATH_USD, transferPolicyId, 1461501637330902918203684832716283019655932542976)"
  - "Sload(TIP403_REGISTRY, receivePolicies[recipient], 0)"
  - "Sload(PATH_USD, balances[sender], 498682)"
  - "Sload(PATH_USD, userRewardInfo[sender].rewardRecipient, 0)"
  - "Sload(PATH_USD, userRewardInfo[sender].rewardPerToken, 0)"
  - "Sload(PATH_USD, userRewardInfo[sender].rewardBalance, 0)"
  - "Sload(PATH_USD, globalRewardPerToken, 0)"
  - "Sload(PATH_USD, userRewardInfo[recipient].rewardRecipient, 0)"
  - "Sload(PATH_USD, userRewardInfo[recipient].rewardPerToken, 0)"
  - "Sload(PATH_USD, userRewardInfo[recipient].rewardBalance, 0)"
  - "Sload(PATH_USD, globalRewardPerToken, 0)"
  - "Sstore(PATH_USD, balances[sender], 498582)"
  - "Sinc(PATH_USD, balances[recipient], 100)"
  - "Sload(PATH_USD, userRewardInfo[sender].rewardRecipient, 0)"
  - "Sload(PATH_USD, userRewardInfo[sender].rewardPerToken, 0)"
  - "Sload(PATH_USD, userRewardInfo[sender].rewardBalance, 0)"
  - "Sload(PATH_USD, globalRewardPerToken, 0)"
  - "Sdec(PATH_USD, balances[FeeManager], 937)"
  - "Sinc(PATH_USD, balances[sender], 937)"
  - "Sload(TIP_FEE_MANAGER, validatorTokens[beneficiary], 0)"
  - "Sinc(TIP_FEE_MANAGER, collectedFees[beneficiary][PATH_USD], 63)"
