---
source: crates/node/tests/it/tip20_channel_escrow_gas.rs
expression: gas
---
close_existing_channel_after_settlement: 58673
close_existing_channel_no_prior_settlement: 58661
open_new_channel_existing_escrow_balance: 292225
open_new_channel_first_escrow_balance: 789425
request_close_existing_channel: 30123
settle_existing_channel_existing_payee_balance: 299503
settle_existing_channel_new_payee_balance: 557731
top_up_existing_channel: 44605
top_up_existing_channel_cancel_close_request: 46480
