---
source: crates/node/tests/it/tip20_transfer_gas.rs
expression: gas
---
access_key_finite_spending_open_policy_both_opted_out_no_reward_delta: 1320645
access_key_unlimited_spending_open_policy_both_opted_out_no_reward_delta: 1065458
direct_custom_policy_sender_authorized_recipient_authorized_both_opted_out_no_reward_delta: 308958
direct_custom_policy_sender_authorized_recipient_authorized_both_opted_out_with_reward_delta: 65158
direct_full_sender_balance: 795258
direct_open_policy_sender_opted_out_recipient_opted_out_no_reward_delta: 302546
direct_open_policy_sender_opted_out_recipient_opted_out_with_reward_delta: 803158
direct_reward_delta_rounds_to_zero: 58958
direct_sender_delegates_third_party_a_recipient_delegates_third_party_b_with_reward_delta: 74958
direct_sender_delegates_third_party_recipient_delegates_same_third_party_with_reward_delta: 68958
direct_sender_delegates_third_party_recipient_delegates_third_party_no_reward_delta: 52558
direct_sender_delegates_third_party_recipient_opted_out_with_reward_delta: 320458
direct_sender_opted_out_recipient_delegates_third_party_with_reward_delta: 320458
direct_sender_opted_out_recipient_self_with_reward_delta: 313858
direct_sender_self_recipient_opted_out_with_reward_delta: 313858
direct_sender_self_recipient_self_no_reward_delta: 52558
direct_sender_self_recipient_self_with_reward_delta: 308946
direct_zero_amount: 547234
main_key_open_policy_both_opted_out_no_reward_delta: 800058
virtual_custom_policy_authorizes_sender_and_resolved_recipient_both_opted_out_no_reward_delta: 317814
virtual_open_policy_sender_opted_out_resolved_recipient_opted_out_no_reward_delta: 317414
virtual_open_policy_sender_self_resolved_recipient_self_with_reward_delta: 315614
virtual_resolves_to_same_sender_sender_self_with_reward_delta: 48802
