---
source: crates/node/tests/it/tip1028_escrow_gas.rs
expression: gas
---
claim_originator_recovery_to_destination: 308117
claim_receiver_recovery_to_receiver: 303841
claim_third_party_recovery_to_destination: 306269
set_receive_policy_originator_recovery: 525577
set_receive_policy_receiver_recovery: 525589
set_receive_policy_third_party_recovery: 778017
transfer_blocked_originator_recovery: 1060259
transfer_blocked_receiver_recovery: 315871
transfer_blocked_third_party_recovery: 317971
